
=== Wed Mar 12 13:05:46 2025

Packages were changed.
Update Mode: mergeDefaultDependencies

The following packages were added:
  com.unity.modules.cloth@1.0.0
  com.unity.modules.director@1.0.0
  com.unity.modules.imgui@1.0.0
  com.unity.modules.jsonserialize@1.0.0
  com.unity.modules.physics@1.0.0
  com.unity.modules.screencapture@1.0.0
  com.unity.modules.terrainphysics@1.0.0
  com.unity.modules.tilemap@1.0.0
  com.unity.modules.ui@1.0.0
  com.unity.modules.uielements@1.0.0
  com.unity.modules.umbra@1.0.0
  com.unity.modules.unitywebrequest@1.0.0
  com.unity.modules.unitywebrequestassetbundle@1.0.0
  com.unity.modules.unitywebrequestaudio@1.0.0
  com.unity.modules.unitywebrequesttexture@1.0.0
  com.unity.modules.unitywebrequestwww@1.0.0
  com.unity.modules.vehicles@1.0.0
  com.unity.modules.wind@1.0.0
  com.unity.multiplayer.center@1.0.0
The following packages were updated:
  com.unity.inputsystem from version 1.11.2 to 1.13.0
  com.unity.learn.iet-framework from version 4.0.2 to 4.0.4
  com.unity.xr.openxr from version 1.13.1 to 1.14.0

=== Sun Apr 20 20:29:27 2025

Packages were changed.
Update Mode: updateDependencies

The following packages were updated:
  com.unity.collab-proxy from version 1.15.12 to 2.6.0
  com.unity.ide.rider from version 2.0.7 to 3.0.31
  com.unity.ide.visualstudio from version 2.0.14 to 2.0.22
  com.unity.render-pipelines.universal from version 10.8.1 to 17.0.3
  com.unity.test-framework from version 1.1.29 to 1.4.6
  com.unity.timeline from version 1.4.8 to 1.8.7
  com.unity.ugui from version 1.0.0 to 2.0.0
The following packages were removed:
  com.unity.textmeshpro@3.0.6

=== Sun Apr 20 20:29:27 2025

Packages were changed.
Update Mode: mergeDefaultDependencies

The following packages were added:
  com.unity.ide.rider@3.0.31
  com.unity.ide.visualstudio@2.0.22
  com.unity.ide.vscode@1.2.4
  com.unity.test-framework@1.4.6

=== Mon Apr 21 10:23:56 2025

Packages were changed.
Update Mode: updateDependencies

The following packages were updated:
  com.unity.collab-proxy from version 1.13.5 to 2.6.0
  com.unity.ide.rider from version 3.0.7 to 3.0.31
  com.unity.ide.visualstudio from version 2.0.11 to 2.0.22
  com.unity.render-pipelines.high-definition from version 12.1.0 to 17.0.3
  com.unity.render-pipelines.universal from version 12.1.0 to 17.0.3
  com.unity.shadergraph from version 12.1.0 to 17.0.3
  com.unity.test-framework from version 1.1.29 to 1.4.6
  com.unity.timeline from version 1.6.2 to 1.8.7
  com.unity.ugui from version 1.0.0 to 2.0.0
  com.unity.visualscripting from version 1.7.2 to 1.9.5
The following packages were removed:
  com.unity.textmeshpro@3.0.6

=== Mon Apr 21 10:23:57 2025

Packages were changed.
Update Mode: mergeDefaultDependencies

The following packages were added:
  com.unity.render-pipelines.high-definition@17.0.3
  com.unity.shadergraph@17.0.3
  com.unity.visualscripting@1.9.5

=== Mon Apr 21 10:24:11 2025

Packages were changed.
Update Mode: updateDependencies

The following packages were updated:
  com.unity.collab-proxy from version 1.13.5 to 2.6.0
  com.unity.ide.rider from version 3.0.7 to 3.0.31
  com.unity.ide.visualstudio from version 2.0.11 to 2.0.22
  com.unity.render-pipelines.high-definition from version 12.1.0 to 17.0.3
  com.unity.render-pipelines.universal from version 12.1.0 to 17.0.3
  com.unity.shadergraph from version 12.1.0 to 17.0.3
  com.unity.test-framework from version 1.1.29 to 1.4.6
  com.unity.timeline from version 1.6.2 to 1.8.7
  com.unity.ugui from version 1.0.0 to 2.0.0
  com.unity.visualscripting from version 1.7.2 to 1.9.5
The following packages were removed:
  com.unity.textmeshpro@3.0.6
